Dear patch submitter,

CI has tested the following submission:
Status:     SUCCESS
Name:       [bpf] Successfull patchset
Patchwork:  https://patchwork.com/success
Matrix:     https://github.com/success

No further action is necessary on your part.


Please note: this email is coming from an unmonitored mailbox. If you have
questions or feedback, please reach out to the Meta Kernel CI team at
kernel-ci@meta.com.
