Failed jobs:
test_progs-x86_64-llvm-17: https://job1.com
